
==========================================================
The output of the size tool: (e.g. arm-none-ambi-size.exe)
==========================================================

zwave_ncp_serial_api_controller.out  :
section                            size         addr
.text                           0x2fbf4    0x8006000
_cmd_handlers                     0x2e0    0x8035bf4
_zw_protocol_cmd_handlers          0xe8    0x8035ed4
_zw_protocol_cmd_handlers_lr       0x50    0x8035fbc
.ARM.exidx                          0x8    0x803600c
.copy.table                         0xc    0x8036014
.zero.table                         0x0    0x8036020
.stack                            0x600   0x20000000
.data                             0x40c   0x20000600
.bss                             0xa398   0x20000a0c
.heap                            0x5258   0x2000ada8
.zwave_nvm                          0x0    0x8036020
.nvm                             0xa000    0x8036020
.ARM.attributes                    0x36          0x0
.comment                           0x49          0x0
.debug_frame                     0x7424          0x0
.debug_info                    0x286a1a          0x0
.debug_abbrev                   0x10c7c          0x0
.debug_loc                      0x39768          0x0
.debug_aranges                    0x100          0x0
.debug_ranges                    0xa490          0x0
.debug_line                     0x482c7          0x0
.debug_str                      0x8bbd8          0x0
Total                          0x4006ec

The calculated FLASH and SRAM usage summary:
============================================
FLASH used as program memory:  (Including only the sections: .text, .ARM.exidx, .data, _cc_handlers_v3)
   197676
FLASH used for storage: (Including only the sections: .zwavenvm, .simee, .nvm, .zwave_nvm)
   40960
SRAM usage:             (Including only the sections: .data, .bss, .heap (limited to 2048 per sl_memory_config.h), .stack_dummy, .reset_info)
   46500

