
==========================================================
The output of the size tool: (e.g. arm-none-ambi-size.exe)
==========================================================

zwave_soc_switch_on_off.out  :
section                            size         addr
.text                           0x30df8    0x8006000
_cc_handlers_v3                   0x1f8    0x8036df8
_zw_protocol_cmd_handlers          0x70    0x8036ff0
_zw_protocol_cmd_handlers_lr       0x30    0x8037060
.ARM.exidx                          0x8    0x8037090
.copy.table                         0xc    0x8037098
.zero.table                         0x0    0x80370a4
.stack                           0x1000   0x20000000
.data                             0x54c   0x20001000
.bss                             0xa9a0   0x2000154c
.heap                           0x34110   0x2000bef0
.internal_storage               0x30000    0x80370a4
.zwave_nvm                          0x0    0x80670a4
.nvm                             0x8000    0x80670a4
.ARM.attributes                    0x36          0x0
.comment                           0x49          0x0
.debug_frame                     0x6d9c          0x0
.debug_info                    0xc964bd          0x0
.debug_abbrev                   0x16b90          0x0
.debug_loc                      0x4776b          0x0
.debug_aranges                     0xb8          0x0
.debug_ranges                    0xb750          0x0
.debug_line                     0x54c4a          0x0
.debug_str                      0x8fe1e          0x0
Total                          0xe948e3

The calculated FLASH and SRAM usage summary:
============================================
FLASH used as program memory:  (Including only the sections: .text, .ARM.exidx, .data, _cc_handlers_v3)
   202224
FLASH used for storage: (Including only the sections: .zwavenvm, .simee, .nvm, .zwave_nvm)
   32768
SRAM usage:             (Including only the sections: .data, .bss, .heap (limited to 2048 per sl_memory_config.h), .stack_dummy, .reset_info)
   50924

