
==========================================================
The output of the size tool: (e.g. arm-none-ambi-size.exe)
==========================================================

zwave_soc_multilevel_sensor.out  :
section                            size         addr
.text                           0x2cc20          0x0
_cc_handlers_v3                   0x240      0x2cc20
_zw_protocol_cmd_handlers          0x70      0x2ce60
_zw_protocol_cmd_handlers_lr       0x30      0x2ced0
.ARM.exidx                          0x8      0x2cf00
.copy.table                         0xc      0x2cf08
.zero.table                         0x0      0x2cf14
.stack                           0x1000   0x20000000
.data                             0x400   0x20001000
.bss                             0xa134   0x20001400
.heap                            0x4ac8   0x2000b538
.internal_storage               0x3a000      0x2cf14
.zwave_nvm                       0x3000      0x66f14
.nvm                             0x9000      0x69f14
.ARM.attributes                    0x2e          0x0
.comment                           0x49          0x0
.debug_frame                     0x6aac          0x0
.debug_info                    0xd31049          0x0
.debug_abbrev                   0x15e4d          0x0
.debug_loc                      0x40b81          0x0
.debug_aranges                     0xb0          0x0
.debug_ranges                    0xa9f0          0x0
.debug_line                     0x50d2b          0x0
.debug_str                      0x8a0b5          0x0
Total                          0xef6cca

The calculated FLASH and SRAM usage summary:
============================================
FLASH used as program memory:  (Including only the sections: .text, .ARM.exidx, .data, _cc_handlers_v3)
   185108
FLASH used for storage: (Including only the sections: .zwavenvm, .simee, .nvm, .zwave_nvm)
   49152
SRAM usage:             (Including only the sections: .data, .bss, .heap (limited to 2048 per sl_memory_config.h), .stack_dummy, .reset_info)
   48436

