
==========================================================
The output of the size tool: (e.g. arm-none-ambi-size.exe)
==========================================================

zwave_soc_switch_on_off.out  :
section                            size         addr
.text                           0x30670    0x8006000
_cc_handlers_v3                   0x1f8    0x8036670
_zw_protocol_cmd_handlers          0x70    0x8036868
_zw_protocol_cmd_handlers_lr       0x30    0x80368d8
.ARM.exidx                          0x8    0x8036908
.copy.table                         0xc    0x8036910
.zero.table                         0x0    0x803691c
.stack                           0x1000   0x20000000
.data                             0x550   0x20001000
.bss                             0xa8c4   0x20001550
.heap                            0x41e8   0x2000be18
.internal_storage               0x30000    0x803691c
.zwave_nvm                          0x0    0x806691c
.nvm                             0x8000    0x806691c
.ARM.attributes                    0x36          0x0
.comment                           0x49          0x0
.debug_frame                     0x6c68          0x0
.debug_info                    0xc95293          0x0
.debug_abbrev                   0x16b89          0x0
.debug_loc                      0x46969          0x0
.debug_aranges                    0x100          0x0
.debug_ranges                    0xb810          0x0
.debug_line                     0x5454d          0x0
.debug_str                      0x8fa4a          0x0
Total                          0xe6162b

The calculated FLASH and SRAM usage summary:
============================================
FLASH used as program memory:  (Including only the sections: .text, .ARM.exidx, .data, _cc_handlers_v3)
   200300
FLASH used for storage: (Including only the sections: .zwavenvm, .simee, .nvm, .zwave_nvm)
   32768
SRAM usage:             (Including only the sections: .data, .bss, .heap (limited to 2048 per sl_memory_config.h), .stack_dummy, .reset_info)
   50708

