
==========================================================
The output of the size tool: (e.g. arm-none-ambi-size.exe)
==========================================================

zwave_soc_door_lock_keypad.out  :
section                            size         addr
.text                           0x311d4    0x8006000
_cc_handlers_v3                   0x240    0x80371d4
_zw_protocol_cmd_handlers          0x70    0x8037414
_zw_protocol_cmd_handlers_lr       0x30    0x8037484
.ARM.exidx                          0x8    0x80374b4
.copy.table                         0xc    0x80374bc
.zero.table                         0x0    0x80374c8
.stack                           0x1000   0x20000000
.data                             0x4dc   0x20001000
.bss                             0xa9c4   0x200014dc
.heap                            0x4160   0x2000bea0
.internal_storage               0x30000    0x80374c8
.zwave_nvm                          0x0    0x80674c8
.nvm                             0x8000    0x80674c8
.ARM.attributes                    0x36          0x0
.comment                           0x49          0x0
.debug_frame                     0x6ec0          0x0
.debug_info                    0xd63b34          0x0
.debug_abbrev                   0x17349          0x0
.debug_loc                      0x47c98          0x0
.debug_aranges                    0x100          0x0
.debug_ranges                    0xbaa0          0x0
.debug_line                     0x558f4          0x0
.debug_str                      0x91e82          0x0
Total                          0xf36232

The calculated FLASH and SRAM usage summary:
============================================
FLASH used as program memory:  (Including only the sections: .text, .ARM.exidx, .data, _cc_handlers_v3)
   203172
FLASH used for storage: (Including only the sections: .zwavenvm, .simee, .nvm, .zwave_nvm)
   32768
SRAM usage:             (Including only the sections: .data, .bss, .heap (limited to 2048 per sl_memory_config.h), .stack_dummy, .reset_info)
   50848

