
==========================================================
The output of the size tool: (e.g. arm-none-ambi-size.exe)
==========================================================

zwave_soc_led_bulb.out  :
section                            size         addr
.text                           0x31ab8    0x8006000
_cc_handlers_v3                   0x21c    0x8037ab8
_zw_protocol_cmd_handlers          0x70    0x8037cd4
_zw_protocol_cmd_handlers_lr       0x30    0x8037d44
.ARM.exidx                          0x8    0x8037d74
.copy.table                         0xc    0x8037d7c
.zero.table                         0x0    0x8037d88
.stack                           0x1000   0x20000000
.data                             0x6a0   0x20001000
.bss                             0xaabc   0x200016a0
.heap                            0x3ea0   0x2000c160
.internal_storage               0x30000    0x8037d88
.zwave_nvm                          0x0    0x8067d88
.nvm                             0x8000    0x8067d88
.ARM.attributes                    0x36          0x0
.comment                           0x49          0x0
.debug_frame                     0x7094          0x0
.debug_info                    0xd049b1          0x0
.debug_abbrev                   0x17b1a          0x0
.debug_loc                      0x48ff8          0x0
.debug_aranges                    0x100          0x0
.debug_ranges                    0xbb00          0x0
.debug_line                     0x57416          0x0
.debug_str                      0x915a2          0x0
Total                          0xeda912

The calculated FLASH and SRAM usage summary:
============================================
FLASH used as program memory:  (Including only the sections: .text, .ARM.exidx, .data, _cc_handlers_v3)
   205864
FLASH used for storage: (Including only the sections: .zwavenvm, .simee, .nvm, .zwave_nvm)
   32768
SRAM usage:             (Including only the sections: .data, .bss, .heap (limited to 2048 per sl_memory_config.h), .stack_dummy, .reset_info)
   51548

