
==========================================================
The output of the size tool: (e.g. arm-none-ambi-size.exe)
==========================================================

zwave_soc_power_strip.out  :
section                             size         addr
.text                            0x322c0    0x8006000
_cc_handlers_v3                    0x2ac    0x80382c0
_zaf_cc_config                      0x28    0x803856c
_zw_protocol_cmd_handlers           0x70    0x8038594
_zw_protocol_cmd_handlers_lr        0x30    0x8038604
.ARM.exidx                           0x8    0x8038634
.copy.table                          0xc    0x803863c
.zero.table                          0x0    0x8038648
.stack                            0x1000   0x20000000
.data                              0x678   0x20001000
.bss                              0xaa64   0x20001678
.heap                             0x3f20   0x2000c0e0
.internal_storage                0x30000    0x8038648
.zwave_nvm                           0x0    0x8068648
.nvm                              0x8000    0x8068648
.ARM.attributes                     0x36          0x0
.comment                            0x49          0x0
.debug_frame                      0x722c          0x0
.debug_info                     0xe37124          0x0
.debug_abbrev                    0x18573          0x0
.debug_loc                       0x4a457          0x0
.debug_aranges                     0x100          0x0
.debug_ranges                     0xc0c8          0x0
.debug_line                      0x59351          0x0
.debug_str                       0x91cd6          0x0
Total                          0x10125cc

The calculated FLASH and SRAM usage summary:
============================================
FLASH used as program memory:  (Including only the sections: .text, .ARM.exidx, .data, _cc_handlers_v3)
   208064
FLASH used for storage: (Including only the sections: .zwavenvm, .simee, .nvm, .zwave_nvm)
   32768
SRAM usage:             (Including only the sections: .data, .bss, .heap (limited to 2048 per sl_memory_config.h), .stack_dummy, .reset_info)
   51420

