
==========================================================
The output of the size tool: (e.g. arm-none-ambi-size.exe)
==========================================================

zwave_ncp_serial_api_end_device.out  :
section                            size         addr
.text                           0x2f268    0x8006000
_cmd_handlers                     0x1b8    0x8035268
_zw_protocol_cmd_handlers          0x70    0x8035420
_zw_protocol_cmd_handlers_lr       0x30    0x8035490
.ARM.exidx                          0x8    0x80354c0
.copy.table                         0xc    0x80354c8
.zero.table                         0x0    0x80354d4
.stack                           0x1000   0x20000000
.data                             0x498   0x20001000
.bss                             0xb1e0   0x20001498
.heap                            0x3988   0x2000c678
.zwave_nvm                          0x0    0x80354d4
.nvm                             0x8000    0x80354d4
.ARM.attributes                    0x36          0x0
.comment                           0x49          0x0
.debug_frame                     0x6af8          0x0
.debug_info                    0x3df6fc          0x0
.debug_abbrev                   0x14066          0x0
.debug_loc                      0x41d33          0x0
.debug_aranges                    0x100          0x0
.debug_ranges                    0xa770          0x0
.debug_line                     0x4c283          0x0
.debug_str                      0x8ea4c          0x0
Total                          0x568a1f

The calculated FLASH and SRAM usage summary:
============================================
FLASH used as program memory:  (Including only the sections: .text, .ARM.exidx, .data, _cc_handlers_v3)
   194924
FLASH used for storage: (Including only the sections: .zwavenvm, .simee, .nvm, .zwave_nvm)
   32768
SRAM usage:             (Including only the sections: .data, .bss, .heap (limited to 2048 per sl_memory_config.h), .stack_dummy, .reset_info)
   52856

