
==========================================================
The output of the size tool: (e.g. arm-none-ambi-size.exe)
==========================================================

zwave_soc_wall_controller.out  :
section                                       size         addr
.text                                      0x2f884          0x0
_zaf_event_distributor_cc_event_handler       0x10      0x2f884
_zaf_cc_config                                 0x8      0x2f894
_cc_handlers_v3                              0x1d4      0x2f89c
_zw_protocol_cmd_handlers                     0x70      0x2fa70
_zw_protocol_cmd_handlers_lr                  0x30      0x2fae0
.ARM.exidx                                     0x8      0x2fb10
.copy.table                                    0xc      0x2fb18
.zero.table                                    0x0      0x2fb24
.stack                                      0x1000   0x20000000
.data                                        0x420   0x20001000
.bss                                        0xa490   0x20001420
text_application_ram                           0x0   0x2000b8b0
.heap                                        0x800   0x2000b8b0
.internal_storage                          0x3a000      0x2fb24
.zwave_nvm                                  0x3000      0x69b24
.nvm                                        0x9000      0x6cb24
.ARM.attributes                               0x2e          0x0
.comment                                      0x45          0x0
.debug_line_str                              0x29d          0x0
.debug_frame                                0xf0a8          0x0
.debug_info                               0xbce4b9          0x0
.debug_abbrev                              0x21feb          0x0
.debug_loclists                            0x17ff8          0x0
.debug_aranges                              0x5870          0x0
.debug_rnglists                             0x3622          0x0
.debug_line                                0x5eedb          0x0
.debug_str                                 0x843ef          0x0
.debug_loc                                 0x2c960          0x0
.debug_ranges                               0x4a50          0x0
Total                                     0xdb6934

The calculated FLASH and SRAM usage summary:
============================================
FLASH used as program memory:  (Including only the sections: .text, .ARM.exidx, .data, _cc_handlers_v3)
   196420
FLASH used for storage: (Including only the sections: .zwavenvm, .simee, .nvm, .zwave_nvm)
   49152
SRAM usage:             (Including only the sections: .data, .bss, .heap (limited to 2048 per sl_memory_config.h), .stack_dummy, .reset_info)
   49328

