
==========================================================
The output of the size tool: (e.g. arm-none-ambi-size.exe)
==========================================================

zwave_ncp_serial_api_controller.out  :
section                            size         addr
.text                           0x2f644    0x8006000
_cmd_handlers                     0x2e0    0x8035644
_zw_protocol_cmd_handlers          0xe8    0x8035924
_zw_protocol_cmd_handlers_lr       0x50    0x8035a0c
.ARM.exidx                          0x8    0x8035a5c
.copy.table                         0xc    0x8035a64
.zero.table                         0x0    0x8035a70
.stack                            0x600   0x20000000
.data                             0x40c   0x20000600
.bss                             0xa50c   0x20000a0c
.heap                            0x50e8   0x2000af18
.zwave_nvm                          0x0    0x8035a70
.nvm                             0xa000    0x8035a70
.ARM.attributes                    0x36          0x0
.comment                           0x49          0x0
.debug_frame                     0x7424          0x0
.debug_info                    0x2863ec          0x0
.debug_abbrev                   0x10b35          0x0
.debug_loc                      0x39726          0x0
.debug_aranges                     0xb8          0x0
.debug_ranges                    0xa450          0x0
.debug_line                     0x48380          0x0
.debug_str                      0x8b63e          0x0
Total                          0x3ff420

The calculated FLASH and SRAM usage summary:
============================================
FLASH used as program memory:  (Including only the sections: .text, .ARM.exidx, .data, _cc_handlers_v3)
   196220
FLASH used for storage: (Including only the sections: .zwavenvm, .simee, .nvm, .zwave_nvm)
   40960
SRAM usage:             (Including only the sections: .data, .bss, .heap (limited to 2048 per sl_memory_config.h), .stack_dummy, .reset_info)
   46872

