
==========================================================
The output of the size tool: (e.g. arm-none-ambi-size.exe)
==========================================================

zwave_soc_wall_controller.out  :
section                            size         addr
.text                           0x2b1f4          0x0
_cc_handlers_v3                   0x1d4      0x2b1f4
_zw_protocol_cmd_handlers          0x70      0x2b3c8
_zw_protocol_cmd_handlers_lr       0x30      0x2b438
.ARM.exidx                          0x8      0x2b468
.copy.table                         0xc      0x2b470
.zero.table                         0x0      0x2b47c
.stack                           0x1000   0x20000000
.data                             0x3f0   0x20001000
.bss                             0xa098   0x200013f0
.heap                            0x4b78   0x2000b488
.internal_storage               0x3a000      0x2b47c
.zwave_nvm                       0x3000      0x6547c
.nvm                             0x9000      0x6847c
.ARM.attributes                    0x2e          0x0
.comment                           0x49          0x0
.debug_frame                     0x64ec          0x0
.debug_info                    0xc57c37          0x0
.debug_abbrev                   0x140c9          0x0
.debug_loc                      0x3b51d          0x0
.debug_aranges                     0x90          0x0
.debug_ranges                    0x9d48          0x0
.debug_line                     0x4b715          0x0
.debug_str                      0x85636          0x0
Total                          0xe0971f

The calculated FLASH and SRAM usage summary:
============================================
FLASH used as program memory:  (Including only the sections: .text, .ARM.exidx, .data, _cc_handlers_v3)
   178284
FLASH used for storage: (Including only the sections: .zwavenvm, .simee, .nvm, .zwave_nvm)
   49152
SRAM usage:             (Including only the sections: .data, .bss, .heap (limited to 2048 per sl_memory_config.h), .stack_dummy, .reset_info)
   48264

